// Jest Snapshot v1, https://goo.gl/fbAQLP

exports[`EtcPreview matches snapshot 1`] = `ShallowWrapper {}`;
