// Jest Snapshot v1, https://goo.gl/fbAQLP

exports[`PostPreview matches snapshot 1`] = `ShallowWrapper {}`;
