// Jest Snapshot v1, https://goo.gl/fbAQLP

exports[`SemiPreview matches snapshot 1`] = `ShallowWrapper {}`;
