// Jest Snapshot v1, https://goo.gl/fbAQLP

exports[`BuildingInfo matches snapshot 1`] = `ShallowWrapper {}`;

exports[`ConnectedBuildingInfo matches snapshot 1`] = `ReactWrapper {}`;
