// Jest Snapshot v1, https://goo.gl/fbAQLP

exports[`ConnectedPasswordCheck matches snapshot 1`] = `ReactWrapper {}`;

exports[`PasswordCheck matches snapshot 1`] = `ShallowWrapper {}`;
