// Jest Snapshot v1, https://goo.gl/fbAQLP

exports[`SeminarList matches snapshot 1`] = `ShallowWrapper {}`;
