// Jest Snapshot v1, https://goo.gl/fbAQLP

exports[`ConnectedWriteComment matches snapshot 1`] = `ReactWrapper {}`;

exports[`WriteComment matches snapshot 1`] = `ShallowWrapper {}`;
