// Jest Snapshot v1, https://goo.gl/fbAQLP

exports[`AmenityModal matches snapshot 1`] = `ShallowWrapper {}`;

exports[`ConnectedAmenityModal matches snapshot 1`] = `ReactWrapper {}`;
