// Jest Snapshot v1, https://goo.gl/fbAQLP

exports[`ConnectedMain matches snapshot 1`] = `undefined`;

exports[`Main matches snapshot 1`] = `undefined`;
