// Jest Snapshot v1, https://goo.gl/fbAQLP

exports[`ConnectedSeminarListModal matches snapshot 1`] = `ReactWrapper {}`;

exports[`SeminarListModal matches snapshot 1`] = `ShallowWrapper {}`;
