// Jest Snapshot v1, https://goo.gl/fbAQLP

exports[`ResPreview matches snapshot 1`] = `ShallowWrapper {}`;
