// Jest Snapshot v1, https://goo.gl/fbAQLP

exports[`ConnectedRestaurantModal matches snapshot 1`] = `ReactWrapper {}`;

exports[`RestaurantModal matches snapshot 1`] = `ShallowWrapper {}`;
