// Jest Snapshot v1, https://goo.gl/fbAQLP

exports[`RestaurantInfo matches snapshot 1`] = `ShallowWrapper {}`;
