// Jest Snapshot v1, https://goo.gl/fbAQLP

exports[`Sidebar matches snapshot 1`] = `ShallowWrapper {}`;
