// Jest Snapshot v1, https://goo.gl/fbAQLP

exports[`BankModal matches snapshot 1`] = `ShallowWrapper {}`;

exports[`ConnectedBankModal matches snapshot 1`] = `ReactWrapper {}`;
