// Jest Snapshot v1, https://goo.gl/fbAQLP

exports[`BoardModal matches snapshot 1`] = `ShallowWrapper {}`;

exports[`ConnectedBoardModal matches snapshot 1`] = `ReactWrapper {}`;
