// Jest Snapshot v1, https://goo.gl/fbAQLP

exports[`CafeModal matches snapshot 1`] = `ShallowWrapper {}`;

exports[`ConnectedCafeModal matches snapshot 1`] = `ReactWrapper {}`;
