// Jest Snapshot v1, https://goo.gl/fbAQLP

exports[`ConnectedConvModal matches snapshot 1`] = `ReactWrapper {}`;

exports[`ConvModal matches snapshot 1`] = `ShallowWrapper {}`;
