// Jest Snapshot v1, https://goo.gl/fbAQLP

exports[`Map matches snapshot 1`] = `ShallowWrapper {}`;
