// Jest Snapshot v1, https://goo.gl/fbAQLP

exports[`ConnectedWritePostModal matches snapshot 1`] = `ReactWrapper {}`;

exports[`WritePostModal matches snapshot 1`] = `ShallowWrapper {}`;
